[1/67] Building CXX object third_party/qtermwidget/CMakeFiles/qtermwidget6.dir/lib/konsole_wcwidth.cpp.o
[2/67] Building CXX object third_party/qtermwidget/CMakeFiles/qtermwidget6.dir/lib/ShellCommand.cpp.o
[3/67] Building CXX object third_party/qtermwidget/CMakeFiles/qtermwidget6.dir/lib/moc_kprocess.cpp.o
[4/67] Building CXX object third_party/qtermwidget/CMakeFiles/qtermwidget6.dir/lib/kptydevice.cpp.o
[5/67] Building CXX object third_party/qtermwidget/CMakeFiles/qtermwidget6.dir/lib/BlockArray.cpp.o
[6/67] Building CXX object third_party/qtermwidget/CMakeFiles/qtermwidget6.dir/lib/moc_Pty.cpp.o
[7/67] Building CXX object third_party/qtermwidget/CMakeFiles/qtermwidget6.dir/lib/moc_Filter.cpp.o
[8/67] Building CXX object third_party/qtermwidget/CMakeFiles/qtermwidget6.dir/lib/moc_kptydevice.cpp.o
[9/67] Building CXX object third_party/qtermwidget/CMakeFiles/qtermwidget6.dir/lib/TerminalCharacterDecoder.cpp.o
[10/67] Building CXX object third_party/qtermwidget/CMakeFiles/qtermwidget6.dir/lib/kprocess.cpp.o
[11/67] Building CXX object third_party/qtermwidget/CMakeFiles/qtermwidget6.dir/lib/kpty.cpp.o
[12/67] Building CXX object third_party/qtermwidget/CMakeFiles/qtermwidget6.dir/lib/Pty.cpp.o
[13/67] Building CXX object third_party/qtermwidget/CMakeFiles/qtermwidget6.dir/lib/tools.cpp.o
[14/67] Building CXX object third_party/qtermwidget/CMakeFiles/qtermwidget6.dir/lib/HistorySearch.cpp.o
[15/67] Building CXX object third_party/qtermwidget/CMakeFiles/qtermwidget6.dir/lib/ColorScheme.cpp.o
[16/67] Building CXX object third_party/qtermwidget/CMakeFiles/qtermwidget6.dir/lib/ScreenWindow.cpp.o
[17/67] Building CXX object third_party/qtermwidget/CMakeFiles/qtermwidget6.dir/lib/Filter.cpp.o
[18/67] Building CXX object third_party/qtermwidget/CMakeFiles/qtermwidget6.dir/lib/moc_HistorySearch.cpp.o
[19/67] Building CXX object third_party/qtermwidget/CMakeFiles/qtermwidget6.dir/lib/moc_Session.cpp.o
[20/67] Building CXX object third_party/qtermwidget/CMakeFiles/qtermwidget6.dir/lib/Screen.cpp.o
[21/67] Building CXX object third_party/qtermwidget/CMakeFiles/qtermwidget6.dir/lib/Vt102Emulation.cpp.o
[22/67] Building CXX object third_party/qtermwidget/CMakeFiles/qtermwidget6.dir/lib/History.cpp.o
[23/67] Building CXX object third_party/qtermwidget/CMakeFiles/qtermwidget6.dir/lib/moc_ScreenWindow.cpp.o
[24/67] Building CXX object third_party/qtermwidget/CMakeFiles/qtermwidget6.dir/lib/Emulation.cpp.o
[25/67] Building CXX object third_party/qtermwidget/CMakeFiles/qtermwidget6.dir/lib/kptyprocess.cpp.o
[26/67] Building CXX object third_party/qtermwidget/CMakeFiles/qtermwidget6.dir/lib/qtermwidget.cpp.o
[27/67] Building CXX object third_party/qtermwidget/CMakeFiles/qtermwidget6.dir/lib/moc_kptyprocess.cpp.o
[28/67] Building CXX object third_party/qtermwidget/CMakeFiles/qtermwidget6.dir/lib/KeyboardTranslator.cpp.o
[29/67] Building CXX object third_party/qtermwidget/CMakeFiles/qtermwidget6.dir/lib/moc_Emulation.cpp.o
[30/67] Building CXX object third_party/qtermwidget/CMakeFiles/qtermwidget6.dir/lib/moc_TerminalDisplay.cpp.o
[31/67] Building CXX object third_party/qtermwidget/CMakeFiles/qtermwidget6.dir/lib/TerminalDisplay.cpp.o
[32/67] Building CXX object third_party/qtermwidget/CMakeFiles/qtermwidget6.dir/lib/SearchBar.cpp.o
[33/67] Building CXX object third_party/qtermwidget/CMakeFiles/qtermwidget6.dir/lib/moc_qtermwidget.cpp.o
[34/67] Building CXX object third_party/qtermwidget/CMakeFiles/qtermwidget6.dir/lib/moc_SearchBar.cpp.o
[35/67] Building CXX object third_party/qtermwidget/CMakeFiles/qtermwidget6.dir/lib/Session.cpp.o
[36/67] Building CXX object third_party/qtermwidget/CMakeFiles/qtermwidget6.dir/lib/moc_Vt102Emulation.cpp.o
[37/67] Linking CXX shared library third_party/qtermwidget/libqtermwidget6.so.2.1.0
[38/67] Creating library symlink third_party/qtermwidget/libqtermwidget6.so.2 third_party/qtermwidget/libqtermwidget6.so
[39/67] Automatic MOC and UIC for target ToolLogPro
[40/67] Building CXX object CMakeFiles/ToolLogPro.dir/src/converters/propertydefinitionconverter.cpp.o
[41/67] Building CXX object CMakeFiles/ToolLogPro.dir/src/models/settingsmodel.cpp.o
[42/67] Building CXX object CMakeFiles/ToolLogPro.dir/src/filters/configfilter.cpp.o
[43/67] Building CXX object CMakeFiles/ToolLogPro.dir/src/filters/logfilter.cpp.o
[44/67] Building CXX object CMakeFiles/ToolLogPro.dir/src/socket/propertydefinitionsockethandler.cpp.o
[45/67] Building CXX object CMakeFiles/ToolLogPro.dir/src/models/logmodel.cpp.o
[46/67] Building CXX object CMakeFiles/ToolLogPro.dir/src/converters/brieflogconverter.cpp.o
[47/67] Building CXX object CMakeFiles/ToolLogPro.dir/src/main.cpp.o
[48/67] Building CXX object CMakeFiles/ToolLogPro.dir/src/models/marklogmodel.cpp.o
[49/67] Building CXX object CMakeFiles/ToolLogPro.dir/src/socket/systempropertysockethandler.cpp.o
[50/67] Building CXX object CMakeFiles/ToolLogPro.dir/src/ui/settingsdialog.cpp.o
[51/67] Building CXX object CMakeFiles/ToolLogPro.dir/src/models/propertydefinitionmodel.cpp.o
[52/67] Building CXX object CMakeFiles/ToolLogPro.dir/src/socket/settingssockethandler.cpp.o
[53/67] Building CXX object CMakeFiles/ToolLogPro.dir/src/converters/threadtimelogconverter.cpp.o
[54/67] Building CXX object CMakeFiles/ToolLogPro.dir/src/socket/socketserver.cpp.o
[55/67] Building CXX object CMakeFiles/ToolLogPro.dir/src/ui/toggleswitch.cpp.o
[56/67] Building CXX object CMakeFiles/ToolLogPro.dir/src/models/propertiesmodel.cpp.o
[57/67] Building CXX object CMakeFiles/ToolLogPro.dir/src/ui/valuedelegate.cpp.o
[58/67] Building CXX object CMakeFiles/ToolLogPro.dir/src/managers/filemanager.cpp.o
[59/67] Building CXX object CMakeFiles/ToolLogPro.dir/src/managers/propertydefinitionbackend.cpp.o
[60/67] Building CXX object CMakeFiles/ToolLogPro.dir/ToolLogPro_autogen/mocs_compilation.cpp.o
[61/67] Building CXX object CMakeFiles/ToolLogPro.dir/src/delegates/highlightdelegate.cpp.o
[62/67] Building CXX object CMakeFiles/ToolLogPro.dir/src/managers/devicesmanager.cpp.o
/home/truongnguyen/Working/fake/ai-tool-log/ToolLogPro/src/managers/devicesmanager.cpp:153:5: warning: ignoring return value of function declared with 'nodiscard' attribute: Use QThreadPool::start(Callable&&) if you don't need the returned QFuture [-Wunused-result]
  153 |     QtConcurrent::run([this, deviceId, adbPath]() {
      |     ^~~~~~~~~~~~~~~~~ ~~~~~~~~~~~~~~~~~~~~~~~~~~~~~
  154 |         DeviceDetails details;
      |         ~~~~~~~~~~~~~~~~~~~~~~
  155 |         details.serial = deviceId;
      |         ~~~~~~~~~~~~~~~~~~~~~~~~~~
  156 | 
  157 |         // Helper: run a single adb command and return trimmed stdout.
      |         ~~~~~~~~~~~~~~~~~~~~~~~~~~~~~~~~~~~~~~~~~~~~~~~~~~~~~~~~~~~~~~
  158 |         auto runAdb = [&](const QStringList &args) -> QString {
      |         ~~~~~~~~~~~~~~~~~~~~~~~~~~~~~~~~~~~~~~~~~~~~~~~~~~~~~~~
  159 |             QProcess proc;
      |             ~~~~~~~~~~~~~~
  160 |             proc.start(adbPath, args);
      |             ~~~~~~~~~~~~~~~~~~~~~~~~~~
  161 |             if (!proc.waitForFinished(3000)) return {};
      |             ~~~~~~~~~~~~~~~~~~~~~~~~~~~~~~~~~~~~~~~~~~~
  162 |             return QString::fromUtf8(proc.readAllStandardOutput()).trimmed();
      |             ~~~~~~~~~~~~~~~~~~~~~~~~~~~~~~~~~~~~~~~~~~~~~~~~~~~~~~~~~~~~~~~~~
  163 |         };
      |         ~~
  164 | 
  165 |         // --- Battery level ---
      |         ~~~~~~~~~~~~~~~~~~~~~~~~
  166 |         {
      |         ~
  167 |             const QString out = runAdb(AdbCommand::getBatteryInfo(deviceId));
      |             ~~~~~~~~~~~~~~~~~~~~~~~~~~~~~~~~~~~~~~~~~~~~~~~~~~~~~~~~~~~~~~~~~
  168 |             QRegularExpression re(QStringLiteral("level:\\s*(\\d+)"));
      |             ~~~~~~~~~~~~~~~~~~~~~~~~~~~~~~~~~~~~~~~~~~~~~~~~~~~~~~~~~~
/home/truongnguyen/Working/fake/ai-tool-log/ToolLogPro/src/managers/devicesmanager.cpp:268:5: warning: ignoring return value of function declared with 'nodiscard' attribute: Use QThreadPool::start(Callable&&) if you don't need the returned QFuture [-Wunused-result]
  268 |     QtConcurrent::run([adbPath, args]() {
      |     ^~~~~~~~~~~~~~~~~ ~~~~~~~~~~~~~~~~~~~
  269 |         QProcess proc;
      |         ~~~~~~~~~~~~~~
  270 |         proc.start(adbPath, args);
      |         ~~~~~~~~~~~~~~~~~~~~~~~~~~
  271 |         proc.waitForFinished(10000);
      |         ~~~~~~~~~~~~~~~~~~~~~~~~~~~~
  272 |     });
      |     ~
/home/truongnguyen/Working/fake/ai-tool-log/ToolLogPro/src/managers/devicesmanager.cpp:280:5: warning: ignoring return value of function declared with 'nodiscard' attribute: Use QThreadPool::start(Callable&&) if you don't need the returned QFuture [-Wunused-result]
  280 |     QtConcurrent::run([this, adbPath, deviceId]() {
      |     ^~~~~~~~~~~~~~~~~ ~~~~~~~~~~~~~~~~~~~~~~~~~~~~~
  281 |         auto runAdb = [&](const QStringList &args) -> QString {
      |         ~~~~~~~~~~~~~~~~~~~~~~~~~~~~~~~~~~~~~~~~~~~~~~~~~~~~~~~
  282 |             QProcess proc;
      |             ~~~~~~~~~~~~~~
  283 |             proc.start(adbPath, args);
      |             ~~~~~~~~~~~~~~~~~~~~~~~~~~
  284 |             if (!proc.waitForFinished(5000)) return {};
      |             ~~~~~~~~~~~~~~~~~~~~~~~~~~~~~~~~~~~~~~~~~~~
  285 |             return QString::fromUtf8(proc.readAllStandardOutput()).trimmed();
      |             ~~~~~~~~~~~~~~~~~~~~~~~~~~~~~~~~~~~~~~~~~~~~~~~~~~~~~~~~~~~~~~~~~
  286 |         };
      |         ~~
  287 | 
  288 |         // 1) Get device IP address first
      |         ~~~~~~~~~~~~~~~~~~~~~~~~~~~~~~~~~
  289 |         const QString ipOut = runAdb(AdbCommand::getIpRoute(deviceId));
      |         ~~~~~~~~~~~~~~~~~~~~~~~~~~~~~~~~~~~~~~~~~~~~~~~~~~~~~~~~~~~~~~~
  290 |         QRegularExpression re(QStringLiteral("src\\s+(\\d+\\.\\d+\\.\\d+\\.\\d+)"));
      |         ~~~~~~~~~~~~~~~~~~~~~~~~~~~~~~~~~~~~~~~~~~~~~~~~~~~~~~~~~~~~~~~~~~~~~~~~~~~~
  291 |         auto m = re.match(ipOut);
      |         ~~~~~~~~~~~~~~~~~~~~~~~~~
  292 |         if (!m.hasMatch()) {
      |         ~~~~~~~~~~~~~~~~~~~~
  293 |             qWarning() << "enableAdbWireless: could not determine device IP";
      |             ~~~~~~~~~~~~~~~~~~~~~~~~~~~~~~~~~~~~~~~~~~~~~~~~~~~~~~~~~~~~~~~~~
  294 |             return;
      |             ~~~~~~~
  295 |         }
      |         ~
3 warnings generated.
[63/67] Building CXX object CMakeFiles/ToolLogPro.dir/src/managers/filterhistorymanager.cpp.o
[64/67] Building CXX object CMakeFiles/ToolLogPro.dir/src/ui/mainwindow.cpp.o
[65/67] Building CXX object CMakeFiles/ToolLogPro.dir/src/managers/adbmanager.cpp.o
/home/truongnguyen/Working/fake/ai-tool-log/ToolLogPro/src/managers/adbmanager.cpp:282:5: warning: ignoring return value of function declared with 'nodiscard' attribute: Use QThreadPool::start(Callable&&) if you don't need the returned QFuture [-Wunused-result]
  282 |     QtConcurrent::run([this, deviceId, adbPath]() {
      |     ^~~~~~~~~~~~~~~~~ ~~~~~~~~~~~~~~~~~~~~~~~~~~~~~
  283 |         QVector<SettingEntry> settings;
      |         ~~~~~~~~~~~~~~~~~~~~~~~~~~~~~~~
  284 |         int lineNum = 1;
      |         ~~~~~~~~~~~~~~~~
  285 | 
  286 |         const QStringList namespaces = {"global", "system", "secure"};
      |         ~~~~~~~~~~~~~~~~~~~~~~~~~~~~~~~~~~~~~~~~~~~~~~~~~~~~~~~~~~~~~~
  287 |         for (const QString &ns : namespaces) {
      |         ~~~~~~~~~~~~~~~~~~~~~~~~~~~~~~~~~~~~~~
  288 |             QProcess process;
      |             ~~~~~~~~~~~~~~~~~
  289 |             process.start(adbPath, AdbCommand::listSettings(deviceId, ns));
      |             ~~~~~~~~~~~~~~~~~~~~~~~~~~~~~~~~~~~~~~~~~~~~~~~~~~~~~~~~~~~~~~~
  290 |             if (!process.waitForFinished(5000)) {
      |             ~~~~~~~~~~~~~~~~~~~~~~~~~~~~~~~~~~~~~
  291 |                 emit errorOccurred(QString("Failed to fetch %1 settings").arg(ns));
      |                 ~~~~~~~~~~~~~~~~~~~~~~~~~~~~~~~~~~~~~~~~~~~~~~~~~~~~~~~~~~~~~~~~~~~
  292 |                 continue;
      |                 ~~~~~~~~~
  293 |             }
      |             ~
  294 | 
  295 |             const QStringList lines =
      |             ~~~~~~~~~~~~~~~~~~~~~~~~~
  296 |                 QString::fromUtf8(process.readAllStandardOutput()).split('\n', Qt::SkipEmptyParts);
      |                 ~~~~~~~~~~~~~~~~~~~~~~~~~~~~~~~~~~~~~~~~~~~~~~~~~~~~~~~~~~~~~~~~~~~~~~~~~~~~~~~~~~~
  297 | 
/home/truongnguyen/Working/fake/ai-tool-log/ToolLogPro/src/managers/adbmanager.cpp:322:5: warning: ignoring return value of function declared with 'nodiscard' attribute: Use QThreadPool::start(Callable&&) if you don't need the returned QFuture [-Wunused-result]
  322 |     QtConcurrent::run([this, deviceId, adbPath]() {
      |     ^~~~~~~~~~~~~~~~~ ~~~~~~~~~~~~~~~~~~~~~~~~~~~~~
  323 |         QProcess process;
      |         ~~~~~~~~~~~~~~~~~
  324 |         process.start(adbPath, AdbCommand::listProperties(deviceId));
      |         ~~~~~~~~~~~~~~~~~~~~~~~~~~~~~~~~~~~~~~~~~~~~~~~~~~~~~~~~~~~~~
  325 |         if (!process.waitForFinished(5000)) {
      |         ~~~~~~~~~~~~~~~~~~~~~~~~~~~~~~~~~~~~~
  326 |             emit errorOccurred("Failed to fetch system properties");
      |             ~~~~~~~~~~~~~~~~~~~~~~~~~~~~~~~~~~~~~~~~~~~~~~~~~~~~~~~~
  327 |             return;
      |             ~~~~~~~
  328 |         }
      |         ~
  329 | 
  330 |         QVector<PropertyEntry> properties;
      |         ~~~~~~~~~~~~~~~~~~~~~~~~~~~~~~~~~~
  331 |         int lineNum = 1;
      |         ~~~~~~~~~~~~~~~~
  332 |         const QRegularExpression regex("\\[([^\\]]+)\\]:\\s*\\[([^\\]]*)\\]");
      |         ~~~~~~~~~~~~~~~~~~~~~~~~~~~~~~~~~~~~~~~~~~~~~~~~~~~~~~~~~~~~~~~~~~~~~~
  333 |         const QStringList lines =
      |         ~~~~~~~~~~~~~~~~~~~~~~~~~
  334 |             QString::fromUtf8(process.readAllStandardOutput()).split('\n', Qt::SkipEmptyParts);
      |             ~~~~~~~~~~~~~~~~~~~~~~~~~~~~~~~~~~~~~~~~~~~~~~~~~~~~~~~~~~~~~~~~~~~~~~~~~~~~~~~~~~~
  335 | 
  336 |         for (const QString &line : lines) {
      |         ~~~~~~~~~~~~~~~~~~~~~~~~~~~~~~~~~~~
  337 |             const QRegularExpressionMatch m = regex.match(line.trimmed());
      |             ~~~~~~~~~~~~~~~~~~~~~~~~~~~~~~~~~~~~~~~~~~~~~~~~~~~~~~~~~~~~~~
/home/truongnguyen/Working/fake/ai-tool-log/ToolLogPro/src/managers/adbmanager.cpp:361:5: warning: ignoring return value of function declared with 'nodiscard' attribute: Use QThreadPool::start(Callable&&) if you don't need the returned QFuture [-Wunused-result]
  361 |     QtConcurrent::run([this, row, deviceId, group, setting, newValue, adbPath]() {
      |     ^~~~~~~~~~~~~~~~~ ~~~~~~~~~~~~~~~~~~~~~~~~~~~~~~~~~~~~~~~~~~~~~~~~~~~~~~~~~~~~
  362 |         const QString ns = group.toLower();
      |         ~~~~~~~~~~~~~~~~~~~~~~~~~~~~~~~~~~~
  363 | 
  364 |         QProcess setProc;
      |         ~~~~~~~~~~~~~~~~~
  365 |         setProc.start(adbPath, AdbCommand::putSetting(deviceId, ns, setting, newValue));
      |         ~~~~~~~~~~~~~~~~~~~~~~~~~~~~~~~~~~~~~~~~~~~~~~~~~~~~~~~~~~~~~~~~~~~~~~~~~~~~~~~~
  366 |         if (!setProc.waitForFinished(5000)) {
      |         ~~~~~~~~~~~~~~~~~~~~~~~~~~~~~~~~~~~~~
  367 |             emit settingSaveResult(row, false, group, setting, newValue, {}, "Timeout while setting value");
      |             ~~~~~~~~~~~~~~~~~~~~~~~~~~~~~~~~~~~~~~~~~~~~~~~~~~~~~~~~~~~~~~~~~~~~~~~~~~~~~~~~~~~~~~~~~~~~~~~~
  368 |             return;
      |             ~~~~~~~
  369 |         }
      |         ~
  370 |         const QString errOut = setProc.readAllStandardError().trimmed();
      |         ~~~~~~~~~~~~~~~~~~~~~~~~~~~~~~~~~~~~~~~~~~~~~~~~~~~~~~~~~~~~~~~~
  371 |         if (!errOut.isEmpty() || setProc.exitCode() != 0) {
      |         ~~~~~~~~~~~~~~~~~~~~~~~~~~~~~~~~~~~~~~~~~~~~~~~~~~~
  372 |             emit settingSaveResult(row, false, group, setting, newValue, {},
      |             ~~~~~~~~~~~~~~~~~~~~~~~~~~~~~~~~~~~~~~~~~~~~~~~~~~~~~~~~~~~~~~~~
  373 |                 errOut.isEmpty()
      |                 ~~~~~~~~~~~~~~~~
  374 |                     ? QString("Command failed with exit code %1").arg(setProc.exitCode())
      |                     ~~~~~~~~~~~~~~~~~~~~~~~~~~~~~~~~~~~~~~~~~~~~~~~~~~~~~~~~~~~~~~~~~~~~~
  375 |                     : errOut);
      |                     ~~~~~~~~~~
  376 |             return;
      |             ~~~~~~~
/home/truongnguyen/Working/fake/ai-tool-log/ToolLogPro/src/managers/adbmanager.cpp:392:5: warning: ignoring return value of function declared with 'nodiscard' attribute: Use QThreadPool::start(Callable&&) if you don't need the returned QFuture [-Wunused-result]
  392 |     QtConcurrent::run([this, row, deviceId, property, newValue, adbPath]() {
      |     ^~~~~~~~~~~~~~~~~ ~~~~~~~~~~~~~~~~~~~~~~~~~~~~~~~~~~~~~~~~~~~~~~~~~~~~~~
  393 |         QProcess setProc;
      |         ~~~~~~~~~~~~~~~~~
  394 |         setProc.start(adbPath, AdbCommand::setProperty(deviceId, property, newValue));
      |         ~~~~~~~~~~~~~~~~~~~~~~~~~~~~~~~~~~~~~~~~~~~~~~~~~~~~~~~~~~~~~~~~~~~~~~~~~~~~~~
  395 |         if (!setProc.waitForFinished(5000)) {
      |         ~~~~~~~~~~~~~~~~~~~~~~~~~~~~~~~~~~~~~
  396 |             emit propertySaveResult(row, false, property, newValue, {}, "Timeout while setting property");
      |             ~~~~~~~~~~~~~~~~~~~~~~~~~~~~~~~~~~~~~~~~~~~~~~~~~~~~~~~~~~~~~~~~~~~~~~~~~~~~~~~~~~~~~~~~~~~~~~
  397 |             return;
      |             ~~~~~~~
  398 |         }
      |         ~
  399 |         const QString errOut = setProc.readAllStandardError().trimmed();
      |         ~~~~~~~~~~~~~~~~~~~~~~~~~~~~~~~~~~~~~~~~~~~~~~~~~~~~~~~~~~~~~~~~
  400 |         if (!errOut.isEmpty() || setProc.exitCode() != 0) {
      |         ~~~~~~~~~~~~~~~~~~~~~~~~~~~~~~~~~~~~~~~~~~~~~~~~~~~
  401 |             emit propertySaveResult(row, false, property, newValue, {},
      |             ~~~~~~~~~~~~~~~~~~~~~~~~~~~~~~~~~~~~~~~~~~~~~~~~~~~~~~~~~~~
  402 |                 errOut.isEmpty()
      |                 ~~~~~~~~~~~~~~~~
  403 |                     ? QString("Command failed with exit code %1").arg(setProc.exitCode())
      |                     ~~~~~~~~~~~~~~~~~~~~~~~~~~~~~~~~~~~~~~~~~~~~~~~~~~~~~~~~~~~~~~~~~~~~~
  404 |                     : errOut);
      |                     ~~~~~~~~~~
  405 |             return;
      |             ~~~~~~~
  406 |         }
      |         ~
  407 | 
/home/truongnguyen/Working/fake/ai-tool-log/ToolLogPro/src/managers/adbmanager.cpp:420:5: warning: ignoring return value of function declared with 'nodiscard' attribute: Use QThreadPool::start(Callable&&) if you don't need the returned QFuture [-Wunused-result]
  420 |     QtConcurrent::run([this, deviceId, adbPath]() {
      |     ^~~~~~~~~~~~~~~~~ ~~~~~~~~~~~~~~~~~~~~~~~~~~~~~
  421 |         QProcess process;
      |         ~~~~~~~~~~~~~~~~~
  422 |         process.start(adbPath, AdbCommand::getPropertyDefinitions(deviceId));
      |         ~~~~~~~~~~~~~~~~~~~~~~~~~~~~~~~~~~~~~~~~~~~~~~~~~~~~~~~~~~~~~~~~~~~~~
  423 |         if (!process.waitForFinished(5000)) {
      |         ~~~~~~~~~~~~~~~~~~~~~~~~~~~~~~~~~~~~~
  424 |             emit errorOccurred("Failed to fetch property definitions: timeout");
      |             ~~~~~~~~~~~~~~~~~~~~~~~~~~~~~~~~~~~~~~~~~~~~~~~~~~~~~~~~~~~~~~~~~~~~
  425 |             return;
      |             ~~~~~~~
  426 |         }
      |         ~
  427 |         const QString errOut = process.readAllStandardError();
      |         ~~~~~~~~~~~~~~~~~~~~~~~~~~~~~~~~~~~~~~~~~~~~~~~~~~~~~~
  428 |         if (!errOut.isEmpty()) {
      |         ~~~~~~~~~~~~~~~~~~~~~~~~
  429 |             qDebug() << "Property definition fetch error:" << errOut;
      |             ~~~~~~~~~~~~~~~~~~~~~~~~~~~~~~~~~~~~~~~~~~~~~~~~~~~~~~~~~
  430 |             emit errorOccurred("Failed to fetch property definitions: " + errOut);
      |             ~~~~~~~~~~~~~~~~~~~~~~~~~~~~~~~~~~~~~~~~~~~~~~~~~~~~~~~~~~~~~~~~~~~~~~
  431 |             return;
      |             ~~~~~~~
  432 |         }
      |         ~
  433 | 
  434 |         const QVector<PropertyDefinition> defs =
      |         ~~~~~~~~~~~~~~~~~~~~~~~~~~~~~~~~~~~~~~~~
  435 |             PropertyDefinitionConverter::parseOutput(process.readAllStandardOutput());
      |             ~~~~~~~~~~~~~~~~~~~~~~~~~~~~~~~~~~~~~~~~~~~~~~~~~~~~~~~~~~~~~~~~~~~~~~~~~~
/home/truongnguyen/Working/fake/ai-tool-log/ToolLogPro/src/managers/adbmanager.cpp:444:5: warning: ignoring return value of function declared with 'nodiscard' attribute: Use QThreadPool::start(Callable&&) if you don't need the returned QFuture [-Wunused-result]
  444 |     QtConcurrent::run([this, adbPath, command]() {
      |     ^~~~~~~~~~~~~~~~~ ~~~~~~~~~~~~~~~~~~~~~~~~~~~~
  445 |         // Split the full command string into args, skipping leading "adb" token if present
      |         ~~~~~~~~~~~~~~~~~~~~~~~~~~~~~~~~~~~~~~~~~~~~~~~~~~~~~~~~~~~~~~~~~~~~~~~~~~~~~~~~~~~
  446 |         QStringList parts = command.split(QLatin1Char(' '), Qt::SkipEmptyParts);
      |         ~~~~~~~~~~~~~~~~~~~~~~~~~~~~~~~~~~~~~~~~~~~~~~~~~~~~~~~~~~~~~~~~~~~~~~~~
  447 |         if (!parts.isEmpty() && parts.first().compare("adb", Qt::CaseInsensitive) == 0)
      |         ~~~~~~~~~~~~~~~~~~~~~~~~~~~~~~~~~~~~~~~~~~~~~~~~~~~~~~~~~~~~~~~~~~~~~~~~~~~~~~~
  448 |             parts.removeFirst();
      |             ~~~~~~~~~~~~~~~~~~~~
  449 | 
  450 |         QProcess process;
      |         ~~~~~~~~~~~~~~~~~
  451 |         process.start(adbPath, parts);
      |         ~~~~~~~~~~~~~~~~~~~~~~~~~~~~~~
  452 |         if (!process.waitForFinished(30000)) {
      |         ~~~~~~~~~~~~~~~~~~~~~~~~~~~~~~~~~~~~~~
  453 |             emit errorOccurred(QStringLiteral("adb command timed out: ") + command);
      |             ~~~~~~~~~~~~~~~~~~~~~~~~~~~~~~~~~~~~~~~~~~~~~~~~~~~~~~~~~~~~~~~~~~~~~~~~
  454 |             return;
      |             ~~~~~~~
  455 |         }
      |         ~
  456 |         const QString out = QString::fromUtf8(process.readAllStandardOutput());
      |         ~~~~~~~~~~~~~~~~~~~~~~~~~~~~~~~~~~~~~~~~~~~~~~~~~~~~~~~~~~~~~~~~~~~~~~~
  457 |         const QString err = QString::fromUtf8(process.readAllStandardError());
      |         ~~~~~~~~~~~~~~~~~~~~~~~~~~~~~~~~~~~~~~~~~~~~~~~~~~~~~~~~~~~~~~~~~~~~~~
  458 |         emit rawAdbCommandFinished(out.isEmpty() && !err.isEmpty() ? err : out);
      |         ~~~~~~~~~~~~~~~~~~~~~~~~~~~~~~~~~~~~~~~~~~~~~~~~~~~~~~~~~~~~~~~~~~~~~~~~
  459 |     });
      |     ~
/home/truongnguyen/Working/fake/ai-tool-log/ToolLogPro/src/managers/adbmanager.cpp:465:5: warning: ignoring return value of function declared with 'nodiscard' attribute: Use QThreadPool::start(Callable&&) if you don't need the returned QFuture [-Wunused-result]
  465 |     QtConcurrent::run([this, deviceId, adbPath, args]() {
      |     ^~~~~~~~~~~~~~~~~ ~~~~~~~~~~~~~~~~~~~~~~~~~~~~~~~~~~~
  466 |         QStringList pArgs = {QStringLiteral("-s"), deviceId,
      |         ~~~~~~~~~~~~~~~~~~~~~~~~~~~~~~~~~~~~~~~~~~~~~~~~~~~~
  467 |                              QStringLiteral("shell"), QStringLiteral("dumpsys")};
      |                              ~~~~~~~~~~~~~~~~~~~~~~~~~~~~~~~~~~~~~~~~~~~~~~~~~~~~
  468 |         for (const QString &part : args.split(QLatin1Char(' '), Qt::SkipEmptyParts))
      |         ~~~~~~~~~~~~~~~~~~~~~~~~~~~~~~~~~~~~~~~~~~~~~~~~~~~~~~~~~~~~~~~~~~~~~~~~~~~~
  469 |             pArgs << part;
      |             ~~~~~~~~~~~~~~
  470 | 
  471 |         QProcess process;
      |         ~~~~~~~~~~~~~~~~~
  472 |         process.start(adbPath, pArgs);
      |         ~~~~~~~~~~~~~~~~~~~~~~~~~~~~~~
  473 |         if (!process.waitForFinished(30000)) {
      |         ~~~~~~~~~~~~~~~~~~~~~~~~~~~~~~~~~~~~~~
  474 |             emit errorOccurred(QStringLiteral("dumpsys timed out: ") + args);
      |             ~~~~~~~~~~~~~~~~~~~~~~~~~~~~~~~~~~~~~~~~~~~~~~~~~~~~~~~~~~~~~~~~~
  475 |             return;
      |             ~~~~~~~
  476 |         }
      |         ~
  477 |         emit dumpsysFetched(QString::fromUtf8(process.readAllStandardOutput()));
      |         ~~~~~~~~~~~~~~~~~~~~~~~~~~~~~~~~~~~~~~~~~~~~~~~~~~~~~~~~~~~~~~~~~~~~~~~~
  478 |     });
      |     ~
/home/truongnguyen/Working/fake/ai-tool-log/ToolLogPro/src/managers/adbmanager.cpp:484:5: warning: ignoring return value of function declared with 'nodiscard' attribute: Use QThreadPool::start(Callable&&) if you don't need the returned QFuture [-Wunused-result]
  484 |     QtConcurrent::run([this, deviceId, adbPath]() {
      |     ^~~~~~~~~~~~~~~~~ ~~~~~~~~~~~~~~~~~~~~~~~~~~~~~
  485 |         QProcess process;
      |         ~~~~~~~~~~~~~~~~~
  486 |         process.start(adbPath, AdbCommand::listDumpsysServices(deviceId));
      |         ~~~~~~~~~~~~~~~~~~~~~~~~~~~~~~~~~~~~~~~~~~~~~~~~~~~~~~~~~~~~~~~~~~
  487 |         if (!process.waitForFinished(15000)) {
      |         ~~~~~~~~~~~~~~~~~~~~~~~~~~~~~~~~~~~~~~
  488 |             emit errorOccurred(QStringLiteral("dumpsys -l timed out"));
      |             ~~~~~~~~~~~~~~~~~~~~~~~~~~~~~~~~~~~~~~~~~~~~~~~~~~~~~~~~~~~
  489 |             return;
      |             ~~~~~~~
  490 |         }
      |         ~
  491 |         const QString raw = QString::fromUtf8(process.readAllStandardOutput());
      |         ~~~~~~~~~~~~~~~~~~~~~~~~~~~~~~~~~~~~~~~~~~~~~~~~~~~~~~~~~~~~~~~~~~~~~~~
  492 |         QStringList services;
      |         ~~~~~~~~~~~~~~~~~~~~~
  493 |         for (const QString &line : raw.split(QLatin1Char('\n'), Qt::SkipEmptyParts)) {
      |         ~~~~~~~~~~~~~~~~~~~~~~~~~~~~~~~~~~~~~~~~~~~~~~~~~~~~~~~~~~~~~~~~~~~~~~~~~~~~~~
  494 |             const QString svc = line.trimmed();
      |             ~~~~~~~~~~~~~~~~~~~~~~~~~~~~~~~~~~~
  495 |             if (!svc.isEmpty() && !svc.startsWith(QLatin1String("Currently")))
      |             ~~~~~~~~~~~~~~~~~~~~~~~~~~~~~~~~~~~~~~~~~~~~~~~~~~~~~~~~~~~~~~~~~~
  496 |                 services << svc;
      |                 ~~~~~~~~~~~~~~~~
  497 |         }
      |         ~
  498 |         services.sort(Qt::CaseInsensitive);
      |         ~~~~~~~~~~~~~~~~~~~~~~~~~~~~~~~~~~~
  499 |         emit dumpsysListFetched(services);
      |         ~~~~~~~~~~~~~~~~~~~~~~~~~~~~~~~~~~
/home/truongnguyen/Working/fake/ai-tool-log/ToolLogPro/src/managers/adbmanager.cpp:506:5: warning: ignoring return value of function declared with 'nodiscard' attribute: Use QThreadPool::start(Callable&&) if you don't need the returned QFuture [-Wunused-result]
  506 |     QtConcurrent::run([this, deviceId, adbPath, args]() {
      |     ^~~~~~~~~~~~~~~~~ ~~~~~~~~~~~~~~~~~~~~~~~~~~~~~~~~~~~
  507 |         QProcess process;
      |         ~~~~~~~~~~~~~~~~~
  508 |         process.start(adbPath, AdbCommand::cradleCommand(deviceId, args));
      |         ~~~~~~~~~~~~~~~~~~~~~~~~~~~~~~~~~~~~~~~~~~~~~~~~~~~~~~~~~~~~~~~~~~
  509 |         if (!process.waitForFinished(30000)) {
      |         ~~~~~~~~~~~~~~~~~~~~~~~~~~~~~~~~~~~~~~
  510 |             emit cradleCommandFinished(QString(), QStringLiteral("Command timed out"));
      |             ~~~~~~~~~~~~~~~~~~~~~~~~~~~~~~~~~~~~~~~~~~~~~~~~~~~~~~~~~~~~~~~~~~~~~~~~~~~
  511 |             return;
      |             ~~~~~~~
  512 |         }
      |         ~
  513 |         const QString out   = QString::fromUtf8(process.readAllStandardOutput());
      |         ~~~~~~~~~~~~~~~~~~~~~~~~~~~~~~~~~~~~~~~~~~~~~~~~~~~~~~~~~~~~~~~~~~~~~~~~~
  514 |         const QString errOut = QString::fromUtf8(process.readAllStandardError()).trimmed();
      |         ~~~~~~~~~~~~~~~~~~~~~~~~~~~~~~~~~~~~~~~~~~~~~~~~~~~~~~~~~~~~~~~~~~~~~~~~~~~~~~~~~~~
  515 |         emit cradleCommandFinished(out, errOut);
      |         ~~~~~~~~~~~~~~~~~~~~~~~~~~~~~~~~~~~~~~~~
  516 |     });
      |     ~
/home/truongnguyen/Working/fake/ai-tool-log/ToolLogPro/src/managers/adbmanager.cpp:522:5: warning: ignoring return value of function declared with 'nodiscard' attribute: Use QThreadPool::start(Callable&&) if you don't need the returned QFuture [-Wunused-result]
  522 |     QtConcurrent::run([adbPath, deviceId, devicePort, hostPort]() {
      |     ^~~~~~~~~~~~~~~~~ ~~~~~~~~~~~~~~~~~~~~~~~~~~~~~~~~~~~~~~~~~~~~~
  523 |         QProcess process;
      |         ~~~~~~~~~~~~~~~~~
  524 |         process.start(adbPath, AdbCommand::reversePort(deviceId, devicePort, hostPort));
      |         ~~~~~~~~~~~~~~~~~~~~~~~~~~~~~~~~~~~~~~~~~~~~~~~~~~~~~~~~~~~~~~~~~~~~~~~~~~~~~~~~
  525 |         if (!process.waitForFinished(5000)) {
      |         ~~~~~~~~~~~~~~~~~~~~~~~~~~~~~~~~~~~~~
  526 |             qWarning() << "AdbManager::setupReversePort: timed out";
      |             ~~~~~~~~~~~~~~~~~~~~~~~~~~~~~~~~~~~~~~~~~~~~~~~~~~~~~~~~
  527 |             return;
      |             ~~~~~~~
  528 |         }
      |         ~
  529 |         const QByteArray err = process.readAllStandardError().trimmed();
      |         ~~~~~~~~~~~~~~~~~~~~~~~~~~~~~~~~~~~~~~~~~~~~~~~~~~~~~~~~~~~~~~~~
  530 |         if (!err.isEmpty())
      |         ~~~~~~~~~~~~~~~~~~~
  531 |             qWarning() << "AdbManager::setupReversePort:" << err;
      |             ~~~~~~~~~~~~~~~~~~~~~~~~~~~~~~~~~~~~~~~~~~~~~~~~~~~~~
  532 |         else
      |         ~~~~
  533 |             qDebug() << "AdbManager::setupReversePort: device port" << devicePort
      |             ~~~~~~~~~~~~~~~~~~~~~~~~~~~~~~~~~~~~~~~~~~~~~~~~~~~~~~~~~~~~~~~~~~~~~
  534 |                      << "-> host port" << hostPort;
      |                      ~~~~~~~~~~~~~~~~~~~~~~~~~~~~~~
  535 |     });
      |     ~
10 warnings generated.
[66/67] Building CXX object CMakeFiles/ToolLogPro.dir/src/ui/uimanager.cpp.o
/home/truongnguyen/Working/fake/ai-tool-log/ToolLogPro/src/ui/uimanager.cpp:2486:5: warning: ignoring return value of function declared with 'nodiscard' attribute: Use QThreadPool::start(Callable&&) if you don't need the returned QFuture [-Wunused-result]
 2486 |     QtConcurrent::run([this, properties, deviceId]() {
      |     ^~~~~~~~~~~~~~~~~ ~~~~~~~~~~~~~~~~~~~~~~~~~~~~~~~~
 2487 |         using Pair = std::pair<int, PropertyDefinition>;
      |         ~~~~~~~~~~~~~~~~~~~~~~~~~~~~~~~~~~~~~~~~~~~~~~~~
 2488 |         QVector<Pair> results;
      |         ~~~~~~~~~~~~~~~~~~~~~~
 2489 |         results.reserve(properties.size());
      |         ~~~~~~~~~~~~~~~~~~~~~~~~~~~~~~~~~~~
 2490 | 
 2491 |         for (int row = 0; row < properties.size(); ++row) {
      |         ~~~~~~~~~~~~~~~~~~~~~~~~~~~~~~~~~~~~~~~~~~~~~~~~~~~
 2492 |             const PropertyDefinition &propDef = properties[row];
      |             ~~~~~~~~~~~~~~~~~~~~~~~~~~~~~~~~~~~~~~~~~~~~~~~~~~~~
 2493 |             const QString queryKey = propDef.id.isEmpty() ? propDef.name : propDef.id;
      |             ~~~~~~~~~~~~~~~~~~~~~~~~~~~~~~~~~~~~~~~~~~~~~~~~~~~~~~~~~~~~~~~~~~~~~~~~~~
 2494 | 
 2495 |             QString output, error;
      |             ~~~~~~~~~~~~~~~~~~~~~~
 2496 |             if (!AdbManager::instance().getPropertyDefinitionValue(deviceId, queryKey, output, error))
      |             ~~~~~~~~~~~~~~~~~~~~~~~~~~~~~~~~~~~~~~~~~~~~~~~~~~~~~~~~~~~~~~~~~~~~~~~~~~~~~~~~~~~~~~~~~~
 2497 |                 continue;
      |                 ~~~~~~~~~
 2498 | 
 2499 |             PropertyDefinition updated;
      |             ~~~~~~~~~~~~~~~~~~~~~~~~~~~
 2500 |             for (const QString &ln : output.split('\n', Qt::SkipEmptyParts)) {
      |             ~~~~~~~~~~~~~~~~~~~~~~~~~~~~~~~~~~~~~~~~~~~~~~~~~~~~~~~~~~~~~~~~~~
 2501 |                 updated = PropertyDefinitionConverter::parseLine(ln.trimmed());
      |                 ~~~~~~~~~~~~~~~~~~~~~~~~~~~~~~~~~~~~~~~~~~~~~~~~~~~~~~~~~~~~~~~
1 warning generated.
[67/67] Linking CXX executable ToolLogPro
